Resolving dependencies...
Downloading packages...
  _flutterfire_internals 1.3.59 (1.3.66 available)
  archive 3.6.1 (4.0.9 available)
  characters 1.4.0 (1.4.1 available)
  csv 6.0.0 (7.1.0 available)
  firebase_core 3.15.2 (4.4.0 available)
  firebase_core_web 2.24.1 (3.4.0 available)
  firebase_crashlytics 4.3.10 (5.0.7 available)
  firebase_crashlytics_platform_interface 3.8.10 (3.8.17 available)
  firebase_messaging 15.2.10 (16.1.1 available)
  firebase_messaging_platform_interface 4.6.10 (4.7.6 available)
  firebase_messaging_web 3.10.10 (4.1.2 available)
  firebase_remote_config 5.5.0 (6.1.4 available)
  firebase_remote_config_platform_interface 2.0.0 (2.0.7 available)
  firebase_remote_config_web 1.8.9 (1.10.3 available)
  fl_chart 0.66.2 (1.1.1 available)
  flutter_launcher_icons 0.13.1 (0.14.4 available)
  flutter_local_notifications 17.2.4 (20.1.0 available)
  flutter_local_notifications_linux 4.0.1 (7.0.0 available)
  flutter_local_notifications_platform_interface 7.2.0 (10.0.0 available)
  flutter_secure_storage 9.2.4 (10.0.0 available)
  flutter_secure_storage_linux 1.2.3 (3.0.0 available)
  flutter_secure_storage_macos 3.1.3 (4.0.0 available)
  flutter_secure_storage_platform_interface 1.1.2 (2.0.1 available)
  flutter_secure_storage_web 1.2.1 (2.1.0 available)
  flutter_secure_storage_windows 3.1.2 (4.1.0 available)
  geolocator 13.0.4 (14.0.2 available)
  geolocator_android 4.6.2 (5.0.2 available)
  image 4.3.0 (4.8.0 available)
  image_picker_android 0.8.13+13 (0.8.13+14 available)
  js 0.6.7 (0.7.2 available)
  json_annotation 4.10.0 (4.11.0 available)
  matcher 0.12.17 (0.12.18 available)
  material_color_utilities 0.11.1 (0.13.0 available)
  meta 1.17.0 (1.18.1 available)
  patrol 3.20.0 (4.1.1 available)
  patrol_finders 2.9.0 (3.1.0 available)
  patrol_log 0.5.0 (0.7.0 available)
  pointycastle 3.9.1 (4.0.0 available)
  share_plus 10.1.4 (12.0.1 available)
  share_plus_platform_interface 5.0.2 (6.1.0 available)
  test_api 0.7.7 (0.7.9 available)
  timezone 0.9.4 (0.11.0 available)
  uuid 4.5.2 (4.5.3 available)
  win32 5.15.0 (6.0.0 available)
Got dependencies!
44 packages have newer versions incompatible with dependency constraints.
Try `flutter pub outdated` for more information.
00:00 +0: loading /Users/vysakhg/RuchiServ/ruchiserv/test/manual_verification/architectural_sync_repair_verify.dart                                                                                    00:01 +0: loading /Users/vysakhg/RuchiServ/ruchiserv/test/manual_verification/architectural_sync_repair_verify.dart                                                                                    00:01 +0: (setUpAll)                                                                                                                                                                                   00:01 +0: Architectural Sync Repair Verification Atomic Merge: updateUser preserves existing passwordHash                                                                                              00:01 +0: Architectural Sync Repair Verification Atomic Merge: updateUser preserves existing passwordHash                                                                                              
ℹ️ [INFO] 📦 [DB] Creating new database with version 44
ℹ️ [INFO] [SchemaManager] Creating all tables for fresh database...
ℹ️ [INFO] [SchemaManager] Creating table: firms
ℹ️ [INFO] [SchemaManager] Creating table: users
ℹ️ [INFO] [SchemaManager] Creating table: authorized_mobiles
ℹ️ [INFO] [SchemaManager] Creating table: staff
ℹ️ [INFO] [SchemaManager] Creating table: attendance
ℹ️ [INFO] [SchemaManager] Creating table: customers
ℹ️ [INFO] [SchemaManager] Creating table: orders
ℹ️ [INFO] [SchemaManager] Creating table: dishes
ℹ️ [INFO] [SchemaManager] Creating table: finance
ℹ️ [INFO] [SchemaManager] Creating table: utensils
ℹ️ [INFO] [SchemaManager] Creating table: dispatch
ℹ️ [INFO] [SchemaManager] Creating table: vehicles
ℹ️ [INFO] [SchemaManager] Creating table: ingredients_master
ℹ️ [INFO] [SchemaManager] Creating table: dish_master
ℹ️ [INFO] [SchemaManager] Creating table: recipe_detail
ℹ️ [INFO] [SchemaManager] Creating table: mrp_runs
ℹ️ [INFO] [SchemaManager] Creating table: mrp_run_orders
ℹ️ [INFO] [SchemaManager] Creating table: mrp_output
ℹ️ [INFO] [SchemaManager] Creating table: suppliers
ℹ️ [INFO] [SchemaManager] Creating table: subcontractors
ℹ️ [INFO] [SchemaManager] Creating table: purchase_orders
ℹ️ [INFO] [SchemaManager] Creating table: po_items
ℹ️ [INFO] [SchemaManager] Creating table: audit_log
ℹ️ [INFO] [SchemaManager] Creating table: dispatches
ℹ️ [INFO] [SchemaManager] Creating table: invoices
ℹ️ [INFO] [SchemaManager] Creating table: invoice_items
ℹ️ [INFO] [SchemaManager] Creating table: salary_disbursements
ℹ️ [INFO] [SchemaManager] Creating table: service_rates
ℹ️ [INFO] [SchemaManager] Creating table: pending_sync
ℹ️ [INFO] [SchemaManager] Creating table: dispatch_items
ℹ️ [INFO] [SchemaManager] Creating table: transactions
ℹ️ [INFO] [SchemaManager] Creating table: staff_assignments
ℹ️ [INFO] 🌱 Loading Seed Data for v22 (multi-tenant)...
✅ [SUCCESS] ✅ Seed Data Loaded Successfully!
ℹ️ [INFO] 📥 AWS Raw Response: "{"status":"SUCCESS"}" (Status: 200)
🧩 [DEBUG] 🤔 Decoded Type: _Map<String, dynamic>
✅ [SUCCESS] ✅ CloudSync [AWS-First]: users#1 updated and synced
✅ [SUCCESS] ✅ [User] Atomic-Updated user #1 (AWS-first)
00:01 +1: Architectural Sync Repair Verification Atomic Merge: updateUser preserves existing passwordHash                                                                                              00:01 +1: Architectural Sync Repair Verification Soft Delete: syncTableFromCloud removes local record when is_deleted=true                                                                             00:01 +1: Architectural Sync Repair Verification Soft Delete: syncTableFromCloud removes local record when is_deleted=true                                                                             
ℹ️ [INFO] 🔄 CloudSync: Syncing table orders for firm REPAIR_TEST... (force: false)
ℹ️ [INFO]   👉 Querying AWS: pk=REPAIR_TEST, sk_prefix=orders#
ℹ️ [INFO] 🚀 AWS POST Request: https://do3uf8e3w6.execute-api.ap-south-1.amazonaws.com/prod/dbhandler
ℹ️ [INFO] 📥 AWS Raw Response: "{"Items":[{"pk":"REPAIR_TEST","sk":"orders#order-500-uuid","uuid":"order-500-uuid","local_id":500,"is_deleted":true,"updatedAt":"2024-02-01T00:00:00"}]}" (Status: 200)
🧩 [DEBUG] 🤔 Decoded Type: _Map<String, dynamic>
ℹ️ [INFO]   📥 AWS Response Keys: [Items]
ℹ️ [INFO]   📥 Items count: 1
ℹ️ [INFO]   📥 orders: Received 1 records to processing...
ℹ️ [INFO]     🗑️ CloudSync: Removed orders#order-500-uuid (propagated delete)
ℹ️ [INFO]   ✅ orders sync processing complete
✅ [SUCCESS] ✅ orders sync finished. Notified listeners.
00:01 +2: Architectural Sync Repair Verification Soft Delete: syncTableFromCloud removes local record when is_deleted=true                                                                             00:01 +2: Architectural Sync Repair Verification OCC: Detects conflict (409) and triggers re-sync                                                                                                      00:01 +2 -1: Architectural Sync Repair Verification OCC: Detects conflict (409) and triggers re-sync [E]                                                                                               
  SqfliteFfiException(sqlite_error: 1299, , SqliteException(1299): while executing statement, NOT NULL constraint failed: users.mobile, constraint failed (code 1299)
    Causing statement: INSERT INTO users (id, userId, firmId, role, updatedAt) VALUES (?, ?, ?, ?, ?), parameters: 2, u2, REPAIR_TEST, STAFF, OLD_TIME}) DatabaseException(SqliteException(1299): while executing statement, NOT NULL constraint failed: users.mobile, constraint failed (code 1299)
    Causing statement: INSERT INTO users (id, userId, firmId, role, updatedAt) VALUES (?, ?, ?, ?, ?), parameters: 2, u2, REPAIR_TEST, STAFF, OLD_TIME) sql 'INSERT INTO users (id, userId, firmId, role, updatedAt) VALUES (?, ?, ?, ?, ?)' args [2, u2, REPAIR_TEST, STAFF, OLD_TIME] {details: {database: {path: :memory:, id: 1, readOnly: false, singleInstance: false}}}
  package:sqflite_common_ffi/src/method_call.dart 125:9  responseToResultOrThrow
  package:sqflite_common_ffi/src/isolate.dart 35:12      SqfliteIsolate.handle
  

To run this test again: /opt/homebrew/share/flutter/bin/cache/dart-sdk/bin/dart test /Users/vysakhg/RuchiServ/ruchiserv/test/manual_verification/architectural_sync_repair_verify.dart -p vm --plain-name 'Architectural Sync Repair Verification OCC: Detects conflict (409) and triggers re-sync'
00:01 +2 -1: Architectural Sync Repair Verification Type Integrity: preserves numeric-looking passwordHashes as Strings                                                                                00:01 +2 -1: Architectural Sync Repair Verification Type Integrity: preserves numeric-looking passwordHashes as Strings                                                                                
ℹ️ [INFO] 🔄 CloudSync: Syncing table users for firm REPAIR_TEST... (force: false)
ℹ️ [INFO]   👉 Querying AWS: pk=REPAIR_TEST, sk_prefix=users#
ℹ️ [INFO] 🚀 AWS POST Request: https://do3uf8e3w6.execute-api.ap-south-1.amazonaws.com/prod/dbhandler
ℹ️ [INFO] 📥 AWS Raw Response: "{"Items":[{"pk":"REPAIR_TEST","sk":"users#u3","userId":"u3","firmId":"REPAIR_TEST","local_id":3,"passwordHash":"123456","role":"STAFF"}]}" (Status: 200)
🧩 [DEBUG] 🤔 Decoded Type: _Map<String, dynamic>
ℹ️ [INFO]   📥 AWS Response Keys: [Items]
ℹ️ [INFO]   📥 Items count: 1
ℹ️ [INFO]   📥 users: Received 1 records to processing...
ℹ️ [INFO]   📝 Processing first record: {userId: u3, firmId: REPAIR_TEST, passwordHash: 123456, role: STAFF}
ℹ️ [INFO]   ⚠️ Error processing record: SqfliteFfiException(sqlite_error: 1299, , SqliteException(1299): while executing statement, NOT NULL constraint failed: users.mobile, constraint failed (code 1299)
  Causing statement: INSERT OR REPLACE INTO users (userId, firmId, passwordHash, role, id) VALUES (?, ?, ?, ?, ?), parameters: u3, REPAIR_TEST, 123456, STAFF, 3}) DatabaseException(SqliteException(1299): while executing statement, NOT NULL constraint failed: users.mobile, constraint failed (code 1299)
  Causing statement: INSERT OR REPLACE INTO users (userId, firmId, passwordHash, role, id) VALUES (?, ?, ?, ?, ?), parameters: u3, REPAIR_TEST, 123456, STAFF, 3) sql 'INSERT OR REPLACE INTO users (userId, firmId, passwordHash, role, id) VALUES (?, ?, ?, ?, ?)' args [u3, REPAIR_TEST, 123456, STAFF, 3] {details: {database: {path: :memory:, id: 1, readOnly: false, singleInstance: false}}}
ℹ️ [INFO]   ✅ users sync processing complete
✅ [SUCCESS] ✅ users sync finished. Notified listeners.
00:01 +2 -2: Architectural Sync Repair Verification Type Integrity: preserves numeric-looking passwordHashes as Strings [E]                                                                            
  Bad state: No element
  dart:collection                                                        ListBase.first
  test/manual_verification/architectural_sync_repair_verify.dart 176:86  main.<fn>.<fn>
  

To run this test again: /opt/homebrew/share/flutter/bin/cache/dart-sdk/bin/dart test /Users/vysakhg/RuchiServ/ruchiserv/test/manual_verification/architectural_sync_repair_verify.dart -p vm --plain-name 'Architectural Sync Repair Verification Type Integrity: preserves numeric-looking passwordHashes as Strings'
00:01 +2 -2: (tearDownAll)                                                                                                                                                                             00:01 +2 -2: Some tests failed.                                                                                                                                                                        
